// Vitest Snapshot v1, https://vitest.dev/guide/snapshot.html

exports[`env > default env 1`] = `
{
  "DOCKER_DIGEST": "",
  "DOCKER_IMAGE": "base/repo",
  "DOCKER_REGISTRY": "",
  "DOCKER_TAG": "base/repo:local",
  "DOCKER_TARGET": "development",
  "DOCKER_VERSION": "local",
  "NODE_ENV": "development",
}
`;
